// Jest Snapshot v1, https://goo.gl/fbAQLP

exports[`работа Main 1`] = `
<div
  className="wrapper"
>
  <div
    id="pres"
  >
    pres
  </div>
  <div>
    <div
      className="table_panel"
      onClick={[Function]}
    >
      <div
        className="table_panel_button"
        id="all"
      >
        Все
      </div>
      <div
        className="table_panel_button"
        id="active"
      >
        Активные
      </div>
      <div
        className="table_panel_button"
        id="blocked"
      >
        Заблокированные
      </div>
    </div>
    <div
      className="table"
    >
      <div
        className="table_line line_title"
      >
        <div
          className="table_item"
        >
          Фамилия
        </div>
        <div
          className="table_item"
        >
          Имя
        </div>
        <div
          className="table_item"
        >
          Отчество
        </div>
        <div
          className="table_item"
        >
          Баланс
        </div>
        <div
          className="table_item"
        >
          Статус
        </div>
        <div
          className="table_item"
        >
          Редактировать
        </div>
        <div
          className="table_item"
        >
          Удалить
        </div>
      </div>
      <div
        className="table_line"
      >
        <div>
          Иванов
        </div>
        <div>
          Иван
        </div>
        <div>
          Иванович
        </div>
        <div>
          200
        </div>
        <div
          className=" active"
        >
           active
        </div>
        <div>
          <div
            className="table_item_button"
            onClick={[Function]}
          >
            Редактировать
          </div>
        </div>
        <div>
          <div
            className="table_item_button"
            id="add"
            onClick={[Function]}
          >
            Удалить
          </div>
        </div>
      </div>
      <div
        className="table_line"
      >
        <div>
          Сидоров
        </div>
        <div>
          Сидор
        </div>
        <div>
          Сидорович
        </div>
        <div>
          250
        </div>
        <div
          className=" active"
        >
           active
        </div>
        <div>
          <div
            className="table_item_button"
            onClick={[Function]}
          >
            Редактировать
          </div>
        </div>
        <div>
          <div
            className="table_item_button"
            id="add"
            onClick={[Function]}
          >
            Удалить
          </div>
        </div>
      </div>
      <div
        className="table_line"
      >
        <div>
          Петров
        </div>
        <div>
          Петр
        </div>
        <div>
          Петрович
        </div>
        <div>
          180
        </div>
        <div
          className=" active"
        >
           active
        </div>
        <div>
          <div
            className="table_item_button"
            onClick={[Function]}
          >
            Редактировать
          </div>
        </div>
        <div>
          <div
            className="table_item_button"
            id="add"
            onClick={[Function]}
          >
            Удалить
          </div>
        </div>
      </div>
      <div
        className="table_line"
      >
        <div>
          Григорьев
        </div>
        <div>
          Григорий
        </div>
        <div>
          Григорьевич
        </div>
        <div>
          -200
        </div>
        <div
          className=" blocked"
        >
           blocked
        </div>
        <div>
          <div
            className="table_item_button"
            onClick={[Function]}
          >
            Редактировать
          </div>
        </div>
        <div>
          <div
            className="table_item_button"
            id="add"
            onClick={[Function]}
          >
            Удалить
          </div>
        </div>
      </div>
    </div>
    <div
      className="table_add"
      onClick={[Function]}
    >
      Добавить клиента
    </div>
  </div>
</div>
`;
